// Jest Snapshot v1, https://goo.gl/fbAQLP

exports[`<App /> should render correctly 1`] = `
<Provider
  store={
    Object {
      "clearActions": [Function],
      "dispatch": [Function],
      "getActions": [Function],
      "getState": [Function],
      "replaceReducer": [Function],
      "subscribe": [Function],
    }
  }
>
  <Connect(App)>
    <App
      dispatch={[Function]}
      priceList={Array []}
      receipt={Array []}
      totals={Array []}
    >
      <div
        className="App"
      >
        <Basket>
          <div
            className="Basket"
          />
        </Basket>
        <Receipt>
          <ul
            className="Receipt"
          />
          <Totals>
            <div
              className="Totals"
            >
              <span>
                -----
              </span>
              <br />
              <span
                className="label"
              >
                Sub-total
              </span>
              <span
                className="value sub-total"
              />
              <br />
              <br />
              <span>
                -----
              </span>
              <br />
              <span
                className="label"
              >
                Total savings
              </span>
              <span
                className="value total-savings"
              />
              <br />
              <span>
                -------------------------
              </span>
              <br />
              <span
                className="label"
              >
                Total to Pay
              </span>
              <span
                className="value total-to-pay"
              />
            </div>
          </Totals>
        </Receipt>
      </div>
    </App>
  </Connect(App)>
</Provider>
`;
