// Jest Snapshot v1, https://goo.gl/fbAQLP

exports[`<Basket /> should render correctly 1`] = `
<Provider
  store={
    Object {
      "clearActions": [Function],
      "dispatch": [Function],
      "getActions": [Function],
      "getState": [Function],
      "replaceReducer": [Function],
      "subscribe": [Function],
    }
  }
>
  <Basket>
    <div
      className="Basket col-md-6 d-flex flex-column"
    >
      <Button
        active={false}
        className="m-1"
        disabled={false}
        key="BEANS"
        onClick={[Function]}
        size="md"
        type="button"
        variant="success"
      >
        <button
          className="m-1 btn btn-success btn-md"
          disabled={false}
          onClick={[Function]}
          type="button"
        >
          BEANS
           
          0.5
        </button>
      </Button>
    </div>
  </Basket>
</Provider>
`;
