// Jest Snapshot v1, https://goo.gl/fbAQLP

exports[`<Receipt /> should render correctly 1`] = `
<Provider
  store={
    Object {
      "clearActions": [Function],
      "dispatch": [Function],
      "getActions": [Function],
      "getState": [Function],
      "replaceReducer": [Function],
      "subscribe": [Function],
    }
  }
>
  <Receipt>
    <ul
      className="Receipt"
    >
      <li
        key="0"
      >
        Beans
         
        £0.5
      </li>
      <li
        key="1"
      >
        Beans
         
        £0.5
      </li>
      <li
        key="2"
      >
        Beans
         
        £0.5
      </li>
      <li
        key="3"
      >
        Coke
         
        £0.5
      </li>
      <li
        key="4"
      >
        Coke
         
        £0.5
      </li>
      <li
        key="5"
      >
        Oranges
        <br />
        0.3
         
        1.99
        /
        kg
         
        0.6
      </li>
    </ul>
  </Receipt>
</Provider>
`;
